<html>
<body>
<pre>
<h1>µVision Build Log</h1>
<h2>Project:</h2>
S:\coe718\Final_Project\Blinky.uvproj
Project File Date:  11/18/2014

<h2>Output:</h2>
Rebuild target 'LPC1768 Flash'
assembling startup_LPC17xx.s...
compiling system_LPC17xx.c...
compiling GLCD_SPI_LPC1700.c...
compiling LED.c...
compiling IRQ.c...
compiling Blinky.c...
Blinky.c(54): warning:  #1295-D: Deprecated declaration menu - give arg types
Blinky.c(101): warning:  #177-D: variable "k" was declared but never referenced
Blinky.c(107): warning:  #177-D: variable "pos" was declared but never referenced
Blinky.c(507): warning:  #177-D: variable "pos" was declared but never referenced
Blinky.c(508): warning:  #177-D: variable "button" was declared but never referenced
compiling KBD.c...
compiling Bg_16bpp_t.c...
compiling Bg_16bpp_l.c...
Bg_16bpp_l.c(7): warning:  #177-D: variable "img5" was declared but never referenced
compiling Bg_16bpp_r.c...
compiling Bg_16bpp_b.c...
Bg_16bpp_b.c(7): warning:  #177-D: variable "img1" was declared but never referenced
compiling ARM_Ani_16bpp.c...
compiling rocket.c...
rocket.c(7): warning:  #177-D: variable "img3" was declared but never referenced
compiling pic2.c...
pic2.c(7): warning:  #177-D: variable "img2" was declared but never referenced
compiling pic1.c...
pic1.c(7): warning:  #177-D: variable "img1" was declared but never referenced
linking...
Program Size: Code=8428 RO-data=236944 RW-data=20 ZI-data=516  
".\Flash\Blinky.axf" - 0 Error(s), 10 Warning(s).
Load "S:\\coe718\\Final_Project\\Flash\\Blinky.axf" 
Erase Done.
Programming Done.
Verify OK.
Application running ...
