<html>
<body>
<pre>
<h1>µVision Build Log</h1>
<h2>Project:</h2>
S:\courses\COE718\Final_Project\Blinky.uvproj
Project File Date:  11/21/2018

<h2>Output:</h2>
Rebuild target 'LPC1768 Flash'
assembling startup_LPC17xx.s...
compiling system_LPC17xx.c...
compiling GLCD_SPI_LPC1700.c...
compiling LED.c...
compiling IRQ.c...
compiling Blinky.c...
compiling KBD.c...
compiling game.c...
game.c(58): warning:  #167-D: argument of type "unsigned char *" is incompatible with parameter of type "char *restrict"
        sprintf (text2, " iq=%d", iqnum);
game.c(62): warning:  #223-D: function "gamemenu" declared implicitly
  gamemenu();   
game.c(98): warning:  #167-D: argument of type "unsigned char *" is incompatible with parameter of type "char *restrict"
        sprintf(iq,"%d",iqnum);
game.c(157): warning:  #167-D: argument of type "unsigned char *" is incompatible with parameter of type "char *restrict"
        sprintf (text2, "target= %d", target);
game.c(158): warning:  #167-D: argument of type "unsigned char *" is incompatible with parameter of type "char *restrict"
        sprintf (text3, " iqnum= %d", iqnum);
game.c(159): warning:  #167-D: argument of type "unsigned char *" is incompatible with parameter of type "char *restrict"
        sprintf (text4, " ticks= %d", ticks);
game.c(164): warning:  #111-D: statement is unreachable
  score=0;      
game.c: 7 warnings, 0 errors
compiling adcuser.c...
compiling usbcore.c...
compiling usbdesc.c...
compiling usbdmain.c...
usbdmain.c(180): warning:  #940-D: missing return statement at end of non-void function "music"
  }
usbdmain.c: 1 warning, 0 errors
compiling usbhw.c...
compiling usbuser.c...
compiling TTT.c...
TTT.c(243): warning:  #1-D: last line of file ends without a newline
  }
TTT.c: 1 warning, 0 errors
compiling ADC.c...
compiling goku.c...
compiling music.c...
compiling sasuke.c...
compiling kakashi.c...
compiling core_cm3.c...
linking...
Program Size: Code=13494 RO-data=400070 RW-data=132 ZI-data=892  
".\Flash\Blinky.axf" - 0 Error(s), 9 Warning(s).
Load "S:\\courses\\COE718\\Final_Project\\Flash\\Blinky.axf" 
Internal DLL Error
Error: Flash Download failed  -  Target DLL has been cancelled
Load "S:\\courses\\COE718\\Final_Project\\Flash\\Blinky.axf" 
Erase Done.
Programming Done.
Verify OK.
Application running ...
