ARM Linker, 5.03 [Build 76] [MDK-ARM Professional]

==============================================================================

Section Cross References

    startup_lpc17xx.o(RESET) refers to startup_lpc17xx.o(STACK) for __initial_sp
    startup_lpc17xx.o(RESET) refers to startup_lpc17xx.o(.text) for Reset_Handler
    startup_lpc17xx.o(RESET) refers to irq.o(.text) for SysTick_Handler
    startup_lpc17xx.o(RESET) refers to usbdmain.o(.text) for TIMER0_IRQHandler
    startup_lpc17xx.o(RESET) refers to usbhw.o(.text) for USB_IRQHandler
    startup_lpc17xx.o(.text) refers to system_lpc17xx.o(.text) for SystemInit
    startup_lpc17xx.o(.text) refers to entry.o(.ARM.Collect$$$$00000000) for __main
    system_lpc17xx.o(.text) refers to uldiv.o(.text) for __aeabi_uldivmod
    system_lpc17xx.o(.text) refers to system_lpc17xx.o(.data) for .data
    glcd_spi_lpc1700.o(.text) refers to glcd_spi_lpc1700.o(.data) for .data
    glcd_spi_lpc1700.o(.text) refers to glcd_spi_lpc1700.o(.constdata) for .constdata
    glcd_spi_lpc1700.o(.text) refers to memseta.o(.text) for __aeabi_memset
    led.o(.text) refers to led.o(.constdata) for .constdata
    irq.o(.text) refers to irq.o(.data) for .data
    blinky.o(.text) refers to glcd_spi_lpc1700.o(.text) for GLCD_Clear
    blinky.o(.text) refers to kbd.o(.text) for get_button
    blinky.o(.text) refers to kakashi.o(.constdata) for kakashi
    blinky.o(.text) refers to sasuke.o(.constdata) for sasuke
    blinky.o(.text) refers to goku.o(.constdata) for goku
    blinky.o(.text) refers to usbdmain.o(.text) for music
    blinky.o(.text) refers to system_lpc17xx.o(.text) for SystemInit
    blinky.o(.text) refers to game.o(.text) for game
    blinky.o(.text) refers to led.o(.text) for LED_Init
    game.o(.text) refers to glcd_spi_lpc1700.o(.text) for GLCD_Clear
    game.o(.text) refers to kbd.o(.text) for get_button
    game.o(.text) refers to printf1.o(i.__0sprintf$1) for __2sprintf
    game.o(.text) refers to blinky.o(.text) for gamemenu
    game.o(.text) refers to rand.o(.text) for rand
    game.o(.text) refers to system_lpc17xx.o(.text) for SystemInit
    game.o(.text) refers to game.o(.data) for .data
    game.o(.text) refers to game.o(.bss) for .bss
    game.o(.text) refers to irq.o(.data) for ticks
    game.o(.text) refers to kakashi.o(.constdata) for kakashi
    game.o(.text) refers to sasuke.o(.constdata) for sasuke
    game.o(.text) refers to goku.o(.constdata) for goku
    game.o(.text) refers to system_lpc17xx.o(.data) for SystemCoreClock
    adcuser.o(.text) refers to usbcore.o(.data) for SetupPacket
    adcuser.o(.text) refers to usbcore.o(.bss) for EP0Buf
    adcuser.o(.text) refers to usbdmain.o(.data) for Mute
    adcuser.o(.text) refers to adcuser.o(.data) for .data
    usbcore.o(.text) refers to usbhw.o(.text) for USB_ReadEP
    usbcore.o(.text) refers to usbcore.o(.data) for .data
    usbcore.o(.text) refers to usbcore.o(.bss) for .bss
    usbcore.o(.text) refers to usbdesc.o(.constdata) for USB_DeviceDescriptor
    usbcore.o(.text) refers to usbdesc.o(.constdata) for USB_ConfigDescriptor
    usbcore.o(.text) refers to usbdesc.o(.constdata) for USB_StringDescriptor
    usbcore.o(.text) refers to adcuser.o(.text) for ADC_IF_GetRequest
    usbdmain.o(.text) refers to kbd.o(.text) for get_button
    usbdmain.o(.text) refers to usbhw.o(.text) for USB_Connect
    usbdmain.o(.text) refers to glcd_spi_lpc1700.o(.text) for GLCD_Clear
    usbdmain.o(.text) refers to system_lpc17xx.o(.text) for SystemClockUpdate
    usbdmain.o(.text) refers to usbdmain.o(.data) for .data
    usbdmain.o(.text) refers to adcuser.o(.data) for VolCur
    usbdmain.o(.text) refers to system_lpc17xx.o(.data) for SystemFrequency
    usbhw.o(.text) refers to memseta.o(.text) for __aeabi_memclr4
    usbhw.o(.text) refers to usbhw.o(.data) for .data
    usbhw.o(.text) refers to usbhw.o(.bss) for .bss
    usbhw.o(.text) refers to usbhw.o(USB_RAM) for USB_RAM
    usbhw.o(.text) refers to usbcore.o(.data) for USB_DeviceStatus
    usbhw.o(.text) refers to usbuser.o(.text) for USB_Reset_Event
    usbhw.o(.text) refers to usbhw.o(.constdata) for .constdata
    usbhw.o(.text) refers to usbuser.o(.constdata) for USB_P_EP
    usbuser.o(.text) refers to usbcore.o(.text) for USB_ResetCore
    usbuser.o(.text) refers to usbhw.o(.text) for USB_DMA_BufAdr
    usbuser.o(.text) refers to usbdmain.o(.data) for DataBuf
    usbuser.o(.text) refers to usbdmain.o(.data) for InfoBuf
    usbuser.o(.constdata) refers to usbcore.o(.text) for USB_EndPoint0
    usbuser.o(.constdata) refers to usbuser.o(.text) for USB_EndPoint3
    ttt.o(.text) refers to ttt.o(.data) for .data
    adc.o(.text) refers to adc.o(.data) for .data
    entry.o(.ARM.Collect$$$$00000000) refers (Special) to entry10a.o(.ARM.Collect$$$$0000000D) for __rt_final_cpp
    entry.o(.ARM.Collect$$$$00000000) refers (Special) to entry11a.o(.ARM.Collect$$$$0000000F) for __rt_final_exit
    entry.o(.ARM.Collect$$$$00000000) refers (Special) to entry7b.o(.ARM.Collect$$$$00000008) for _main_clock
    entry.o(.ARM.Collect$$$$00000000) refers (Special) to entry8b.o(.ARM.Collect$$$$0000000A) for _main_cpp_init
    entry.o(.ARM.Collect$$$$00000000) refers (Special) to entry9a.o(.ARM.Collect$$$$0000000B) for _main_init
    entry.o(.ARM.Collect$$$$00000000) refers (Special) to entry5.o(.ARM.Collect$$$$00000004) for _main_scatterload
    entry.o(.ARM.Collect$$$$00000000) refers (Special) to entry2.o(.ARM.Collect$$$$00000001) for _main_stk
    uldiv.o(.text) refers to llushr.o(.text) for __aeabi_llsr
    uldiv.o(.text) refers to llshl.o(.text) for __aeabi_llsl
    rand.o(.text) refers to rand.o(.data) for .data
    printfb.o(i.__0fprintf$bare) refers to printfb.o(i._printf_core) for _printf_core
    printfb.o(i.__0fprintf$bare) refers to blinky.o(.text) for fputc
    printfb.o(i.__0printf$bare) refers to printfb.o(i._printf_core) for _printf_core
    printfb.o(i.__0printf$bare) refers to blinky.o(.text) for fputc
    printfb.o(i.__0printf$bare) refers to blinky.o(.data) for __stdout
    printfb.o(i.__0snprintf$bare) refers to printfb.o(i._printf_core) for _printf_core
    printfb.o(i.__0snprintf$bare) refers to printfb.o(i._snputc) for _snputc
    printfb.o(i.__0sprintf$bare) refers to printfb.o(i._printf_core) for _printf_core
    printfb.o(i.__0sprintf$bare) refers to printfb.o(i._sputc) for _sputc
    printfb.o(i.__0vfprintf$bare) refers to printfb.o(i._printf_core) for _printf_core
    printfb.o(i.__0vfprintf$bare) refers to blinky.o(.text) for fputc
    printfb.o(i.__0vprintf$bare) refers to printfb.o(i._printf_core) for _printf_core
    printfb.o(i.__0vprintf$bare) refers to blinky.o(.text) for fputc
    printfb.o(i.__0vprintf$bare) refers to blinky.o(.data) for __stdout
    printfb.o(i.__0vsnprintf$bare) refers to printfb.o(i._printf_core) for _printf_core
    printfb.o(i.__0vsnprintf$bare) refers to printfb.o(i._snputc) for _snputc
    printfb.o(i.__0vsprintf$bare) refers to printfb.o(i._printf_core) for _printf_core
    printfb.o(i.__0vsprintf$bare) refers to printfb.o(i._sputc) for _sputc
    printf0.o(i.__0fprintf$0) refers to printf0.o(i._printf_core) for _printf_core
    printf0.o(i.__0fprintf$0) refers to blinky.o(.text) for fputc
    printf0.o(i.__0printf$0) refers to printf0.o(i._printf_core) for _printf_core
    printf0.o(i.__0printf$0) refers to blinky.o(.text) for fputc
    printf0.o(i.__0printf$0) refers to blinky.o(.data) for __stdout
    printf0.o(i.__0snprintf$0) refers to printf0.o(i._printf_core) for _printf_core
    printf0.o(i.__0snprintf$0) refers to printf0.o(i._snputc) for _snputc
    printf0.o(i.__0sprintf$0) refers to printf0.o(i._printf_core) for _printf_core
    printf0.o(i.__0sprintf$0) refers to printf0.o(i._sputc) for _sputc
    printf0.o(i.__0vfprintf$0) refers to printf0.o(i._printf_core) for _printf_core
    printf0.o(i.__0vfprintf$0) refers to blinky.o(.text) for fputc
    printf0.o(i.__0vprintf$0) refers to printf0.o(i._printf_core) for _printf_core
    printf0.o(i.__0vprintf$0) refers to blinky.o(.text) for fputc
    printf0.o(i.__0vprintf$0) refers to blinky.o(.data) for __stdout
    printf0.o(i.__0vsnprintf$0) refers to printf0.o(i._printf_core) for _printf_core
    printf0.o(i.__0vsnprintf$0) refers to printf0.o(i._snputc) for _snputc
    printf0.o(i.__0vsprintf$0) refers to printf0.o(i._printf_core) for _printf_core
    printf0.o(i.__0vsprintf$0) refers to printf0.o(i._sputc) for _sputc
    printf1.o(i.__0fprintf$1) refers to printf1.o(i._printf_core) for _printf_core
    printf1.o(i.__0fprintf$1) refers to blinky.o(.text) for fputc
    printf1.o(i.__0printf$1) refers to printf1.o(i._printf_core) for _printf_core
    printf1.o(i.__0printf$1) refers to blinky.o(.text) for fputc
    printf1.o(i.__0printf$1) refers to blinky.o(.data) for __stdout
    printf1.o(i.__0snprintf$1) refers to printf1.o(i._printf_core) for _printf_core
    printf1.o(i.__0snprintf$1) refers to printf1.o(i._snputc) for _snputc
    printf1.o(i.__0sprintf$1) refers to printf1.o(i._printf_core) for _printf_core
    printf1.o(i.__0sprintf$1) refers to printf1.o(i._sputc) for _sputc
    printf1.o(i.__0vfprintf$1) refers to printf1.o(i._printf_core) for _printf_core
    printf1.o(i.__0vfprintf$1) refers to blinky.o(.text) for fputc
    printf1.o(i.__0vprintf$1) refers to printf1.o(i._printf_core) for _printf_core
    printf1.o(i.__0vprintf$1) refers to blinky.o(.text) for fputc
    printf1.o(i.__0vprintf$1) refers to blinky.o(.data) for __stdout
    printf1.o(i.__0vsnprintf$1) refers to printf1.o(i._printf_core) for _printf_core
    printf1.o(i.__0vsnprintf$1) refers to printf1.o(i._snputc) for _snputc
    printf1.o(i.__0vsprintf$1) refers to printf1.o(i._printf_core) for _printf_core
    printf1.o(i.__0vsprintf$1) refers to printf1.o(i._sputc) for _sputc
    printf1.o(i._printf_core) refers to uidiv.o(.text) for __aeabi_uidivmod
    printf2.o(i.__0fprintf$2) refers to printf2.o(i._printf_core) for _printf_core
    printf2.o(i.__0fprintf$2) refers to blinky.o(.text) for fputc
    printf2.o(i.__0printf$2) refers to printf2.o(i._printf_core) for _printf_core
    printf2.o(i.__0printf$2) refers to blinky.o(.text) for fputc
    printf2.o(i.__0printf$2) refers to blinky.o(.data) for __stdout
    printf2.o(i.__0snprintf$2) refers to printf2.o(i._printf_core) for _printf_core
    printf2.o(i.__0snprintf$2) refers to printf2.o(i._snputc) for _snputc
    printf2.o(i.__0sprintf$2) refers to printf2.o(i._printf_core) for _printf_core
    printf2.o(i.__0sprintf$2) refers to printf2.o(i._sputc) for _sputc
    printf2.o(i.__0vfprintf$2) refers to printf2.o(i._printf_core) for _printf_core
    printf2.o(i.__0vfprintf$2) refers to blinky.o(.text) for fputc
    printf2.o(i.__0vprintf$2) refers to printf2.o(i._printf_core) for _printf_core
    printf2.o(i.__0vprintf$2) refers to blinky.o(.text) for fputc
    printf2.o(i.__0vprintf$2) refers to blinky.o(.data) for __stdout
    printf2.o(i.__0vsnprintf$2) refers to printf2.o(i._printf_core) for _printf_core
    printf2.o(i.__0vsnprintf$2) refers to printf2.o(i._snputc) for _snputc
    printf2.o(i.__0vsprintf$2) refers to printf2.o(i._printf_core) for _printf_core
    printf2.o(i.__0vsprintf$2) refers to printf2.o(i._sputc) for _sputc
    printf3.o(i.__0fprintf$3) refers to printf3.o(i._printf_core) for _printf_core
    printf3.o(i.__0fprintf$3) refers to blinky.o(.text) for fputc
    printf3.o(i.__0printf$3) refers to printf3.o(i._printf_core) for _printf_core
    printf3.o(i.__0printf$3) refers to blinky.o(.text) for fputc
    printf3.o(i.__0printf$3) refers to blinky.o(.data) for __stdout
    printf3.o(i.__0snprintf$3) refers to printf3.o(i._printf_core) for _printf_core
    printf3.o(i.__0snprintf$3) refers to printf3.o(i._snputc) for _snputc
    printf3.o(i.__0sprintf$3) refers to printf3.o(i._printf_core) for _printf_core
    printf3.o(i.__0sprintf$3) refers to printf3.o(i._sputc) for _sputc
    printf3.o(i.__0vfprintf$3) refers to printf3.o(i._printf_core) for _printf_core
    printf3.o(i.__0vfprintf$3) refers to blinky.o(.text) for fputc
    printf3.o(i.__0vprintf$3) refers to printf3.o(i._printf_core) for _printf_core
    printf3.o(i.__0vprintf$3) refers to blinky.o(.text) for fputc
    printf3.o(i.__0vprintf$3) refers to blinky.o(.data) for __stdout
    printf3.o(i.__0vsnprintf$3) refers to printf3.o(i._printf_core) for _printf_core
    printf3.o(i.__0vsnprintf$3) refers to printf3.o(i._snputc) for _snputc
    printf3.o(i.__0vsprintf$3) refers to printf3.o(i._printf_core) for _printf_core
    printf3.o(i.__0vsprintf$3) refers to printf3.o(i._sputc) for _sputc
    printf3.o(i._printf_core) refers to uidiv.o(.text) for __aeabi_uidivmod
    printf4.o(i.__0fprintf$4) refers to printf4.o(i._printf_core) for _printf_core
    printf4.o(i.__0fprintf$4) refers to blinky.o(.text) for fputc
    printf4.o(i.__0printf$4) refers to printf4.o(i._printf_core) for _printf_core
    printf4.o(i.__0printf$4) refers to blinky.o(.text) for fputc
    printf4.o(i.__0printf$4) refers to blinky.o(.data) for __stdout
    printf4.o(i.__0snprintf$4) refers to printf4.o(i._printf_core) for _printf_core
    printf4.o(i.__0snprintf$4) refers to printf4.o(i._snputc) for _snputc
    printf4.o(i.__0sprintf$4) refers to printf4.o(i._printf_core) for _printf_core
    printf4.o(i.__0sprintf$4) refers to printf4.o(i._sputc) for _sputc
    printf4.o(i.__0vfprintf$4) refers to printf4.o(i._printf_core) for _printf_core
    printf4.o(i.__0vfprintf$4) refers to blinky.o(.text) for fputc
    printf4.o(i.__0vprintf$4) refers to printf4.o(i._printf_core) for _printf_core
    printf4.o(i.__0vprintf$4) refers to blinky.o(.text) for fputc
    printf4.o(i.__0vprintf$4) refers to blinky.o(.data) for __stdout
    printf4.o(i.__0vsnprintf$4) refers to printf4.o(i._printf_core) for _printf_core
    printf4.o(i.__0vsnprintf$4) refers to printf4.o(i._snputc) for _snputc
    printf4.o(i.__0vsprintf$4) refers to printf4.o(i._printf_core) for _printf_core
    printf4.o(i.__0vsprintf$4) refers to printf4.o(i._sputc) for _sputc
    printf4.o(i._printf_core) refers to uldiv.o(.text) for __aeabi_uldivmod
    printf5.o(i.__0fprintf$5) refers to printf5.o(i._printf_core) for _printf_core
    printf5.o(i.__0fprintf$5) refers to blinky.o(.text) for fputc
    printf5.o(i.__0printf$5) refers to printf5.o(i._printf_core) for _printf_core
    printf5.o(i.__0printf$5) refers to blinky.o(.text) for fputc
    printf5.o(i.__0printf$5) refers to blinky.o(.data) for __stdout
    printf5.o(i.__0snprintf$5) refers to printf5.o(i._printf_core) for _printf_core
    printf5.o(i.__0snprintf$5) refers to printf5.o(i._snputc) for _snputc
    printf5.o(i.__0sprintf$5) refers to printf5.o(i._printf_core) for _printf_core
    printf5.o(i.__0sprintf$5) refers to printf5.o(i._sputc) for _sputc
    printf5.o(i.__0vfprintf$5) refers to printf5.o(i._printf_core) for _printf_core
    printf5.o(i.__0vfprintf$5) refers to blinky.o(.text) for fputc
    printf5.o(i.__0vprintf$5) refers to printf5.o(i._printf_core) for _printf_core
    printf5.o(i.__0vprintf$5) refers to blinky.o(.text) for fputc
    printf5.o(i.__0vprintf$5) refers to blinky.o(.data) for __stdout
    printf5.o(i.__0vsnprintf$5) refers to printf5.o(i._printf_core) for _printf_core
    printf5.o(i.__0vsnprintf$5) refers to printf5.o(i._snputc) for _snputc
    printf5.o(i.__0vsprintf$5) refers to printf5.o(i._printf_core) for _printf_core
    printf5.o(i.__0vsprintf$5) refers to printf5.o(i._sputc) for _sputc
    printf5.o(i._printf_core) refers to uldiv.o(.text) for __aeabi_uldivmod
    printf6.o(i.__0fprintf$6) refers to printf6.o(i._printf_core) for _printf_core
    printf6.o(i.__0fprintf$6) refers to blinky.o(.text) for fputc
    printf6.o(i.__0printf$6) refers to printf6.o(i._printf_core) for _printf_core
    printf6.o(i.__0printf$6) refers to blinky.o(.text) for fputc
    printf6.o(i.__0printf$6) refers to blinky.o(.data) for __stdout
    printf6.o(i.__0snprintf$6) refers to printf6.o(i._printf_core) for _printf_core
    printf6.o(i.__0snprintf$6) refers to printf6.o(i._snputc) for _snputc
    printf6.o(i.__0sprintf$6) refers to printf6.o(i._printf_core) for _printf_core
    printf6.o(i.__0sprintf$6) refers to printf6.o(i._sputc) for _sputc
    printf6.o(i.__0vfprintf$6) refers to printf6.o(i._printf_core) for _printf_core
    printf6.o(i.__0vfprintf$6) refers to blinky.o(.text) for fputc
    printf6.o(i.__0vprintf$6) refers to printf6.o(i._printf_core) for _printf_core
    printf6.o(i.__0vprintf$6) refers to blinky.o(.text) for fputc
    printf6.o(i.__0vprintf$6) refers to blinky.o(.data) for __stdout
    printf6.o(i.__0vsnprintf$6) refers to printf6.o(i._printf_core) for _printf_core
    printf6.o(i.__0vsnprintf$6) refers to printf6.o(i._snputc) for _snputc
    printf6.o(i.__0vsprintf$6) refers to printf6.o(i._printf_core) for _printf_core
    printf6.o(i.__0vsprintf$6) refers to printf6.o(i._sputc) for _sputc
    printf6.o(i._printf_core) refers to printf6.o(i._printf_pre_padding) for _printf_pre_padding
    printf6.o(i._printf_core) refers to uidiv.o(.text) for __aeabi_uidivmod
    printf6.o(i._printf_core) refers to printf6.o(i._printf_post_padding) for _printf_post_padding
    printf7.o(i.__0fprintf$7) refers to printf7.o(i._printf_core) for _printf_core
    printf7.o(i.__0fprintf$7) refers to blinky.o(.text) for fputc
    printf7.o(i.__0printf$7) refers to printf7.o(i._printf_core) for _printf_core
    printf7.o(i.__0printf$7) refers to blinky.o(.text) for fputc
    printf7.o(i.__0printf$7) refers to blinky.o(.data) for __stdout
    printf7.o(i.__0snprintf$7) refers to printf7.o(i._printf_core) for _printf_core
    printf7.o(i.__0snprintf$7) refers to printf7.o(i._snputc) for _snputc
    printf7.o(i.__0sprintf$7) refers to printf7.o(i._printf_core) for _printf_core
    printf7.o(i.__0sprintf$7) refers to printf7.o(i._sputc) for _sputc
    printf7.o(i.__0vfprintf$7) refers to printf7.o(i._printf_core) for _printf_core
    printf7.o(i.__0vfprintf$7) refers to blinky.o(.text) for fputc
    printf7.o(i.__0vprintf$7) refers to printf7.o(i._printf_core) for _printf_core
    printf7.o(i.__0vprintf$7) refers to blinky.o(.text) for fputc
    printf7.o(i.__0vprintf$7) refers to blinky.o(.data) for __stdout
    printf7.o(i.__0vsnprintf$7) refers to printf7.o(i._printf_core) for _printf_core
    printf7.o(i.__0vsnprintf$7) refers to printf7.o(i._snputc) for _snputc
    printf7.o(i.__0vsprintf$7) refers to printf7.o(i._printf_core) for _printf_core
    printf7.o(i.__0vsprintf$7) refers to printf7.o(i._sputc) for _sputc
    printf7.o(i._printf_core) refers to printf7.o(i._printf_pre_padding) for _printf_pre_padding
    printf7.o(i._printf_core) refers to uldiv.o(.text) for __aeabi_uldivmod
    printf7.o(i._printf_core) refers to printf7.o(i._printf_post_padding) for _printf_post_padding
    printf8.o(i.__0fprintf$8) refers to printf8.o(i._printf_core) for _printf_core
    printf8.o(i.__0fprintf$8) refers to blinky.o(.text) for fputc
    printf8.o(i.__0printf$8) refers to printf8.o(i._printf_core) for _printf_core
    printf8.o(i.__0printf$8) refers to blinky.o(.text) for fputc
    printf8.o(i.__0printf$8) refers to blinky.o(.data) for __stdout
    printf8.o(i.__0snprintf$8) refers to printf8.o(i._printf_core) for _printf_core
    printf8.o(i.__0snprintf$8) refers to printf8.o(i._snputc) for _snputc
    printf8.o(i.__0sprintf$8) refers to printf8.o(i._printf_core) for _printf_core
    printf8.o(i.__0sprintf$8) refers to printf8.o(i._sputc) for _sputc
    printf8.o(i.__0vfprintf$8) refers to printf8.o(i._printf_core) for _printf_core
    printf8.o(i.__0vfprintf$8) refers to blinky.o(.text) for fputc
    printf8.o(i.__0vprintf$8) refers to printf8.o(i._printf_core) for _printf_core
    printf8.o(i.__0vprintf$8) refers to blinky.o(.text) for fputc
    printf8.o(i.__0vprintf$8) refers to blinky.o(.data) for __stdout
    printf8.o(i.__0vsnprintf$8) refers to printf8.o(i._printf_core) for _printf_core
    printf8.o(i.__0vsnprintf$8) refers to printf8.o(i._snputc) for _snputc
    printf8.o(i.__0vsprintf$8) refers to printf8.o(i._printf_core) for _printf_core
    printf8.o(i.__0vsprintf$8) refers to printf8.o(i._sputc) for _sputc
    printf8.o(i._printf_core) refers to printf8.o(i._printf_pre_padding) for _printf_pre_padding
    printf8.o(i._printf_core) refers to uldiv.o(.text) for __aeabi_uldivmod
    printf8.o(i._printf_core) refers to printf8.o(i._printf_post_padding) for _printf_post_padding
    printfa.o(i.__0fprintf) refers (Special) to iusefp.o(.text) for __I$use$fp
    printfa.o(i.__0fprintf) refers to printfa.o(i._printf_core) for _printf_core
    printfa.o(i.__0fprintf) refers to blinky.o(.text) for fputc
    printfa.o(i.__0printf) refers (Special) to iusefp.o(.text) for __I$use$fp
    printfa.o(i.__0printf) refers to printfa.o(i._printf_core) for _printf_core
    printfa.o(i.__0printf) refers to blinky.o(.text) for fputc
    printfa.o(i.__0printf) refers to blinky.o(.data) for __stdout
    printfa.o(i.__0snprintf) refers (Special) to iusefp.o(.text) for __I$use$fp
    printfa.o(i.__0snprintf) refers to printfa.o(i._printf_core) for _printf_core
    printfa.o(i.__0snprintf) refers to printfa.o(i._snputc) for _snputc
    printfa.o(i.__0sprintf) refers (Special) to iusefp.o(.text) for __I$use$fp
    printfa.o(i.__0sprintf) refers to printfa.o(i._printf_core) for _printf_core
    printfa.o(i.__0sprintf) refers to printfa.o(i._sputc) for _sputc
    printfa.o(i.__0vfprintf) refers (Special) to iusefp.o(.text) for __I$use$fp
    printfa.o(i.__0vfprintf) refers to printfa.o(i._printf_core) for _printf_core
    printfa.o(i.__0vfprintf) refers to blinky.o(.text) for fputc
    printfa.o(i.__0vprintf) refers (Special) to iusefp.o(.text) for __I$use$fp
    printfa.o(i.__0vprintf) refers to printfa.o(i._printf_core) for _printf_core
    printfa.o(i.__0vprintf) refers to blinky.o(.text) for fputc
    printfa.o(i.__0vprintf) refers to blinky.o(.data) for __stdout
    printfa.o(i.__0vsnprintf) refers (Special) to iusefp.o(.text) for __I$use$fp
    printfa.o(i.__0vsnprintf) refers to printfa.o(i._printf_core) for _printf_core
    printfa.o(i.__0vsnprintf) refers to printfa.o(i._snputc) for _snputc
    printfa.o(i.__0vsprintf) refers (Special) to iusefp.o(.text) for __I$use$fp
    printfa.o(i.__0vsprintf) refers to printfa.o(i._printf_core) for _printf_core
    printfa.o(i.__0vsprintf) refers to printfa.o(i._sputc) for _sputc
    printfa.o(i._fp_digits) refers (Special) to iusefp.o(.text) for __I$use$fp
    printfa.o(i._fp_digits) refers to dmul.o(.text) for __aeabi_dmul
    printfa.o(i._fp_digits) refers to ddiv.o(.text) for __aeabi_ddiv
    printfa.o(i._fp_digits) refers to cdrcmple.o(.text) for __aeabi_cdrcmple
    printfa.o(i._fp_digits) refers to dadd.o(.text) for __aeabi_dadd
    printfa.o(i._fp_digits) refers to dfixul.o(.text) for __aeabi_d2ulz
    printfa.o(i._fp_digits) refers to uldiv.o(.text) for __aeabi_uldivmod
    printfa.o(i._printf_core) refers (Special) to iusefp.o(.text) for __I$use$fp
    printfa.o(i._printf_core) refers to printfa.o(i._printf_pre_padding) for _printf_pre_padding
    printfa.o(i._printf_core) refers to uldiv.o(.text) for __aeabi_uldivmod
    printfa.o(i._printf_core) refers to printfa.o(i._printf_post_padding) for _printf_post_padding
    printfa.o(i._printf_core) refers to printfa.o(i._fp_digits) for _fp_digits
    printfa.o(i._printf_core) refers to uidiv.o(.text) for __aeabi_uidivmod
    printfa.o(i._printf_post_padding) refers (Special) to iusefp.o(.text) for __I$use$fp
    printfa.o(i._printf_pre_padding) refers (Special) to iusefp.o(.text) for __I$use$fp
    printfa.o(i._snputc) refers (Special) to iusefp.o(.text) for __I$use$fp
    printfa.o(i._sputc) refers (Special) to iusefp.o(.text) for __I$use$fp
    entry2.o(.ARM.Collect$$$$00000001) refers to entry2.o(.ARM.Collect$$$$00002712) for __lit__00000000
    entry2.o(.ARM.Collect$$$$00002712) refers to startup_lpc17xx.o(STACK) for __initial_sp
    entry2.o(__vectab_stack_and_reset_area) refers to startup_lpc17xx.o(STACK) for __initial_sp
    entry2.o(__vectab_stack_and_reset_area) refers to entry.o(.ARM.Collect$$$$00000000) for __main
    entry5.o(.ARM.Collect$$$$00000004) refers to init.o(.text) for __scatterload
    entry9a.o(.ARM.Collect$$$$0000000B) refers to blinky.o(.text) for main
    entry9b.o(.ARM.Collect$$$$0000000C) refers to blinky.o(.text) for main
    dadd.o(.text) refers to llshl.o(.text) for __aeabi_llsl
    dadd.o(.text) refers to llsshr.o(.text) for __aeabi_lasr
    dadd.o(.text) refers to depilogue.o(.text) for _double_epilogue
    dmul.o(.text) refers to depilogue.o(.text) for _double_epilogue
    ddiv.o(.text) refers to depilogue.o(.text) for _double_round
    dfixul.o(.text) refers to llushr.o(.text) for __aeabi_llsr
    dfixul.o(.text) refers to llshl.o(.text) for __aeabi_llsl
    init.o(.text) refers to entry5.o(.ARM.Collect$$$$00000004) for __main_after_scatterload
    depilogue.o(.text) refers to llshl.o(.text) for __aeabi_llsl
    depilogue.o(.text) refers to llushr.o(.text) for __aeabi_llsr


==============================================================================

Removing Unused input sections from the image.

    Removing startup_lpc17xx.o(HEAP), (0 bytes).
    Removing glcd_spi_lpc1700.o(.rev16_text), (4 bytes).
    Removing glcd_spi_lpc1700.o(.revsh_text), (4 bytes).
    Removing irq.o(.data), (1 bytes).
    Removing blinky.o(.rev16_text), (4 bytes).
    Removing blinky.o(.revsh_text), (4 bytes).
    Removing blinky.o(.data), (4 bytes).
    Removing blinky.o(.data), (4 bytes).
    Removing kbd.o(.rev16_text), (4 bytes).
    Removing kbd.o(.revsh_text), (4 bytes).
    Removing kbd.o(.data), (4 bytes).
    Removing game.o(.rev16_text), (4 bytes).
    Removing game.o(.revsh_text), (4 bytes).
    Removing game.o(.bss), (20 bytes).
    Removing game.o(.bss), (15 bytes).
    Removing game.o(.data), (4 bytes).
    Removing game.o(.data), (4 bytes).
    Removing game.o(.data), (4 bytes).
    Removing game.o(.data), (4 bytes).
    Removing game.o(.data), (4 bytes).
    Removing game.o(.data), (4 bytes).
    Removing game.o(.data), (4 bytes).
    Removing game.o(.data), (4 bytes).
    Removing adcuser.o(.constdata), (2 bytes).
    Removing adcuser.o(.constdata), (2 bytes).
    Removing adcuser.o(.constdata), (2 bytes).
    Removing usbhw.o(USB_RAM), (256 bytes).
    Removing usbhw.o(USB_RAM), (160 bytes).
    Removing ttt.o(.rev16_text), (4 bytes).
    Removing ttt.o(.revsh_text), (4 bytes).
    Removing ttt.o(.text), (500 bytes).
    Removing ttt.o(.data), (10 bytes).
    Removing adc.o(.text), (132 bytes).
    Removing adc.o(.data), (4 bytes).
    Removing music.o(.constdata), (26335 bytes).
    Removing core_cm3.o(.emb_text), (32 bytes).
    Removing dadd.o(.text), (334 bytes).
    Removing dmul.o(.text), (228 bytes).
    Removing ddiv.o(.text), (222 bytes).
    Removing dfixul.o(.text), (48 bytes).
    Removing cdrcmple.o(.text), (40 bytes).
    Removing depilogue.o(.text), (190 bytes).

42 unused section(s) (total 28617 bytes) removed from the image.

==============================================================================

Image Symbol Table

    Local Symbols

    Symbol Name                              Value     Ov Type        Size  Object(Section)

    RESET                                    0x00000000   Section      204  startup_lpc17xx.o(RESET)
    ../clib/microlib/division.c              0x00000000   Number         0  uldiv.o ABSOLUTE
    ../clib/microlib/division.c              0x00000000   Number         0  uidiv.o ABSOLUTE
    ../clib/microlib/init/entry.s            0x00000000   Number         0  entry9b.o ABSOLUTE
    ../clib/microlib/init/entry.s            0x00000000   Number         0  entry2.o ABSOLUTE
    ../clib/microlib/init/entry.s            0x00000000   Number         0  entry10a.o ABSOLUTE
    ../clib/microlib/init/entry.s            0x00000000   Number         0  entry7b.o ABSOLUTE
    ../clib/microlib/init/entry.s            0x00000000   Number         0  entry11b.o ABSOLUTE
    ../clib/microlib/init/entry.s            0x00000000   Number         0  entry7a.o ABSOLUTE
    ../clib/microlib/init/entry.s            0x00000000   Number         0  entry11a.o ABSOLUTE
    ../clib/microlib/init/entry.s            0x00000000   Number         0  entry10b.o ABSOLUTE
    ../clib/microlib/init/entry.s            0x00000000   Number         0  entry.o ABSOLUTE
    ../clib/microlib/init/entry.s            0x00000000   Number         0  entry5.o ABSOLUTE
    ../clib/microlib/init/entry.s            0x00000000   Number         0  entry9a.o ABSOLUTE
    ../clib/microlib/init/entry.s            0x00000000   Number         0  entry8b.o ABSOLUTE
    ../clib/microlib/init/entry.s            0x00000000   Number         0  entry8a.o ABSOLUTE
    ../clib/microlib/longlong.c              0x00000000   Number         0  llsshr.o ABSOLUTE
    ../clib/microlib/longlong.c              0x00000000   Number         0  llshl.o ABSOLUTE
    ../clib/microlib/longlong.c              0x00000000   Number         0  llushr.o ABSOLUTE
    ../clib/microlib/printf/printf.c         0x00000000   Number         0  printfa.o ABSOLUTE
    ../clib/microlib/printf/printf.c         0x00000000   Number         0  printf6.o ABSOLUTE
    ../clib/microlib/printf/printf.c         0x00000000   Number         0  printf2.o ABSOLUTE
    ../clib/microlib/printf/printf.c         0x00000000   Number         0  printf0.o ABSOLUTE
    ../clib/microlib/printf/printf.c         0x00000000   Number         0  printf1.o ABSOLUTE
    ../clib/microlib/printf/printf.c         0x00000000   Number         0  printf4.o ABSOLUTE
    ../clib/microlib/printf/printf.c         0x00000000   Number         0  printf3.o ABSOLUTE
    ../clib/microlib/printf/printf.c         0x00000000   Number         0  printfb.o ABSOLUTE
    ../clib/microlib/printf/printf.c         0x00000000   Number         0  printf5.o ABSOLUTE
    ../clib/microlib/printf/printf.c         0x00000000   Number         0  printf8.o ABSOLUTE
    ../clib/microlib/printf/printf.c         0x00000000   Number         0  printf7.o ABSOLUTE
    ../clib/microlib/printf/stubs.s          0x00000000   Number         0  stubs.o ABSOLUTE
    ../clib/microlib/stdlib/rand.c           0x00000000   Number         0  rand.o ABSOLUTE
    ../clib/microlib/string/memset.c         0x00000000   Number         0  memseta.o ABSOLUTE
    ../clib/microlib/stubs.s                 0x00000000   Number         0  iusefp.o ABSOLUTE
    ../fplib/microlib/fpadd.c                0x00000000   Number         0  dadd.o ABSOLUTE
    ../fplib/microlib/fpdiv.c                0x00000000   Number         0  ddiv.o ABSOLUTE
    ../fplib/microlib/fpepilogue.c           0x00000000   Number         0  depilogue.o ABSOLUTE
    ../fplib/microlib/fpfix.c                0x00000000   Number         0  dfixul.o ABSOLUTE
    ../fplib/microlib/fpmul.c                0x00000000   Number         0  dmul.o ABSOLUTE
    ADC.c                                    0x00000000   Number         0  adc.o ABSOLUTE
    Blinky.c                                 0x00000000   Number         0  blinky.o ABSOLUTE
    Blinky.c                                 0x00000000   Number         0  blinky.o ABSOLUTE
    GLCD_SPI_LPC1700.c                       0x00000000   Number         0  glcd_spi_lpc1700.o ABSOLUTE
    GLCD_SPI_LPC1700.c                       0x00000000   Number         0  glcd_spi_lpc1700.o ABSOLUTE
    IRQ.c                                    0x00000000   Number         0  irq.o ABSOLUTE
    KBD.c                                    0x00000000   Number         0  kbd.o ABSOLUTE
    KBD.c                                    0x00000000   Number         0  kbd.o ABSOLUTE
    LED.c                                    0x00000000   Number         0  led.o ABSOLUTE
    TTT.c                                    0x00000000   Number         0  ttt.o ABSOLUTE
    TTT.c                                    0x00000000   Number         0  ttt.o ABSOLUTE
    adcuser.c                                0x00000000   Number         0  adcuser.o ABSOLUTE
    cdrcmple.s                               0x00000000   Number         0  cdrcmple.o ABSOLUTE
    core_cm3.c                               0x00000000   Number         0  core_cm3.o ABSOLUTE
    core_cm3.c                               0x00000000   Number         0  core_cm3.o ABSOLUTE
    dc.s                                     0x00000000   Number         0  dc.o ABSOLUTE
    game.c                                   0x00000000   Number         0  game.o ABSOLUTE
    game.c                                   0x00000000   Number         0  game.o ABSOLUTE
    goku.c                                   0x00000000   Number         0  goku.o ABSOLUTE
    handlers.s                               0x00000000   Number         0  handlers.o ABSOLUTE
    init.s                                   0x00000000   Number         0  init.o ABSOLUTE
    kakashi.c                                0x00000000   Number         0  kakashi.o ABSOLUTE
    music.c                                  0x00000000   Number         0  music.o ABSOLUTE
    sasuke.c                                 0x00000000   Number         0  sasuke.o ABSOLUTE
    startup_LPC17xx.s                        0x00000000   Number         0  startup_lpc17xx.o ABSOLUTE
    system_LPC17xx.c                         0x00000000   Number         0  system_lpc17xx.o ABSOLUTE
    usbcore.c                                0x00000000   Number         0  usbcore.o ABSOLUTE
    usbdesc.c                                0x00000000   Number         0  usbdesc.o ABSOLUTE
    usbdmain.c                               0x00000000   Number         0  usbdmain.o ABSOLUTE
    usbhw.c                                  0x00000000   Number         0  usbhw.o ABSOLUTE
    usbuser.c                                0x00000000   Number         0  usbuser.o ABSOLUTE
    .ARM.Collect$$$$00000000                 0x000000cc   Section        0  entry.o(.ARM.Collect$$$$00000000)
    .ARM.Collect$$$$00000001                 0x000000cc   Section        4  entry2.o(.ARM.Collect$$$$00000001)
    .ARM.Collect$$$$00000004                 0x000000d0   Section        4  entry5.o(.ARM.Collect$$$$00000004)
    .ARM.Collect$$$$00000008                 0x000000d4   Section        0  entry7b.o(.ARM.Collect$$$$00000008)
    .ARM.Collect$$$$0000000A                 0x000000d4   Section        0  entry8b.o(.ARM.Collect$$$$0000000A)
    .ARM.Collect$$$$0000000B                 0x000000d4   Section        8  entry9a.o(.ARM.Collect$$$$0000000B)
    .ARM.Collect$$$$0000000D                 0x000000dc   Section        0  entry10a.o(.ARM.Collect$$$$0000000D)
    .ARM.Collect$$$$0000000F                 0x000000dc   Section        0  entry11a.o(.ARM.Collect$$$$0000000F)
    .ARM.Collect$$$$00002712                 0x000000dc   Section        4  entry2.o(.ARM.Collect$$$$00002712)
    __lit__00000000                          0x000000dc   Data           4  entry2.o(.ARM.Collect$$$$00002712)
    .text                                    0x000000e0   Section       36  startup_lpc17xx.o(.text)
    .text                                    0x00000104   Section        0  led.o(.text)
    .text                                    0x000001b0   Section        0  irq.o(.text)
    .text                                    0x000001d0   Section        0  kbd.o(.text)
    .text                                    0x0000021c   Section        0  adcuser.o(.text)
    .text                                    0x000002dc   Section        0  llshl.o(.text)
    i.__scatterload_null                     0x000002fa   Section        2  handlers.o(i.__scatterload_null)
    .ARM.__at_0x02FC                         0x000002fc   Section        4  startup_lpc17xx.o(.ARM.__at_0x02FC)
    .text                                    0x00000300   Section        0  system_lpc17xx.o(.text)
    .text                                    0x000005ec   Section        0  glcd_spi_lpc1700.o(.text)
    spi_tran_man                             0x000005ed   Thumb Code   112  glcd_spi_lpc1700.o(.text)
    wr_cmd                                   0x0000065d   Thumb Code    58  glcd_spi_lpc1700.o(.text)
    wr_dat                                   0x00000697   Thumb Code    60  glcd_spi_lpc1700.o(.text)
    .text                                    0x00001584   Section        0  blinky.o(.text)
    .text                                    0x00001cc4   Section        0  game.o(.text)
    .text                                    0x00002030   Section        0  usbcore.o(.text)
    .text                                    0x00002768   Section        0  usbdmain.o(.text)
    .text                                    0x00002938   Section        0  usbhw.o(.text)
    .text                                    0x00003214   Section        0  usbuser.o(.text)
    .text                                    0x000032c4   Section        0  uldiv.o(.text)
    .text                                    0x00003328   Section        0  rand.o(.text)
    .text                                    0x0000334c   Section        0  memseta.o(.text)
    .text                                    0x00003370   Section        0  uidiv.o(.text)
    .text                                    0x0000339c   Section        0  llushr.o(.text)
    .text                                    0x000033bc   Section       36  init.o(.text)
    i.__0sprintf$1                           0x000033e0   Section        0  printf1.o(i.__0sprintf$1)
    i.__scatterload_copy                     0x00003408   Section       14  handlers.o(i.__scatterload_copy)
    i.__scatterload_zeroinit                 0x00003416   Section       14  handlers.o(i.__scatterload_zeroinit)
    i._printf_core                           0x00003424   Section        0  printf1.o(i._printf_core)
    _printf_core                             0x00003425   Thumb Code   334  printf1.o(i._printf_core)
    i._sputc                                 0x00003578   Section        0  printf1.o(i._sputc)
    _sputc                                   0x00003579   Thumb Code    10  printf1.o(i._sputc)
    .constdata                               0x00003582   Section     6272  glcd_spi_lpc1700.o(.constdata)
    .constdata                               0x00004e04   Section       32  led.o(.constdata)
    .constdata                               0x00004e24   Section       18  usbdesc.o(.constdata)
    .constdata                               0x00004e36   Section      110  usbdesc.o(.constdata)
    .constdata                               0x00004ea4   Section      100  usbdesc.o(.constdata)
    .constdata                               0x00004f08   Section       16  usbhw.o(.constdata)
    .constdata                               0x00004f18   Section       64  usbuser.o(.constdata)
    .constdata                               0x00004f58   Section    131073  goku.o(.constdata)
    .constdata                               0x00024f59   Section    131073  sasuke.o(.constdata)
    .constdata                               0x00044f5a   Section    131073  kakashi.o(.constdata)
    .data                                    0x10000000   Section        8  system_lpc17xx.o(.data)
    .data                                    0x10000008   Section        6  glcd_spi_lpc1700.o(.data)
    Himax                                    0x10000008   Data           1  glcd_spi_lpc1700.o(.data)
    Color                                    0x1000000a   Data           4  glcd_spi_lpc1700.o(.data)
    .data                                    0x10000010   Section        8  irq.o(.data)
    .data                                    0x10000018   Section       24  game.o(.data)
    .data                                    0x10000030   Section        2  adcuser.o(.data)
    .data                                    0x10000034   Section       40  usbcore.o(.data)
    .data                                    0x1000005c   Section        4  usbdmain.o(.data)
    .data                                    0x10000060   Section       24  usbdmain.o(.data)
    .data                                    0x10000078   Section        8  usbhw.o(.data)
    .data                                    0x10000080   Section        4  rand.o(.data)
    _rand_state                              0x10000080   Data           4  rand.o(.data)
    .bss                                     0x10000084   Section       54  game.o(.bss)
    .bss                                     0x100000ba   Section       64  usbcore.o(.bss)
    .bss                                     0x100000fc   Section      128  usbhw.o(.bss)
    STACK                                    0x10000180   Section      512  startup_lpc17xx.o(STACK)
    USB_RAM                                  0x10000380   Section      128  usbhw.o(USB_RAM)

    Global Symbols

    Symbol Name                              Value     Ov Type        Size  Object(Section)

    BuildAttributes$$THM_ISAv4$P$D$K$B$S$PE$A:L22UL41UL21$X:L11$S22US41US21$IEEE1$IW$USESV6$~STKCKD$USESV7$~SHL$OTIME$ROPI$EBA8$MICROLIB$REQ8$PRES8$EABIv2 0x00000000   Number         0  anon$$obj.o ABSOLUTE
    __ARM_use_no_argv                        0x00000000   Number         0  blinky.o ABSOLUTE
    __Vectors                                0x00000000   Data           4  startup_lpc17xx.o(RESET)
    _printf_a                                0x00000000   Number         0  stubs.o ABSOLUTE
    _printf_c                                0x00000000   Number         0  stubs.o ABSOLUTE
    _printf_charcount                        0x00000000   Number         0  stubs.o ABSOLUTE
    _printf_d                                0x00000000   Number         0  stubs.o ABSOLUTE
    _printf_e                                0x00000000   Number         0  stubs.o ABSOLUTE
    _printf_f                                0x00000000   Number         0  stubs.o ABSOLUTE
    _printf_flags                            0x00000000   Number         0  stubs.o ABSOLUTE
    _printf_fp_dec                           0x00000000   Number         0  stubs.o ABSOLUTE
    _printf_fp_hex                           0x00000000   Number         0  stubs.o ABSOLUTE
    _printf_g                                0x00000000   Number         0  stubs.o ABSOLUTE
    _printf_i                                0x00000000   Number         0  stubs.o ABSOLUTE
    _printf_int_dec                          0x00000000   Number         0  stubs.o ABSOLUTE
    _printf_l                                0x00000000   Number         0  stubs.o ABSOLUTE
    _printf_lc                               0x00000000   Number         0  stubs.o ABSOLUTE
    _printf_ll                               0x00000000   Number         0  stubs.o ABSOLUTE
    _printf_lld                              0x00000000   Number         0  stubs.o ABSOLUTE
    _printf_lli                              0x00000000   Number         0  stubs.o ABSOLUTE
    _printf_llo                              0x00000000   Number         0  stubs.o ABSOLUTE
    _printf_llu                              0x00000000   Number         0  stubs.o ABSOLUTE
    _printf_llx                              0x00000000   Number         0  stubs.o ABSOLUTE
    _printf_longlong_dec                     0x00000000   Number         0  stubs.o ABSOLUTE
    _printf_longlong_hex                     0x00000000   Number         0  stubs.o ABSOLUTE
    _printf_longlong_oct                     0x00000000   Number         0  stubs.o ABSOLUTE
    _printf_ls                               0x00000000   Number         0  stubs.o ABSOLUTE
    _printf_mbtowc                           0x00000000   Number         0  stubs.o ABSOLUTE
    _printf_n                                0x00000000   Number         0  stubs.o ABSOLUTE
    _printf_o                                0x00000000   Number         0  stubs.o ABSOLUTE
    _printf_p                                0x00000000   Number         0  stubs.o ABSOLUTE
    _printf_percent                          0x00000000   Number         0  stubs.o ABSOLUTE
    _printf_pre_padding                      0x00000000   Number         0  stubs.o ABSOLUTE
    _printf_return_value                     0x00000000   Number         0  stubs.o ABSOLUTE
    _printf_s                                0x00000000   Number         0  stubs.o ABSOLUTE
    _printf_sizespec                         0x00000000   Number         0  stubs.o ABSOLUTE
    _printf_str                              0x00000000   Number         0  stubs.o ABSOLUTE
    _printf_truncate_signed                  0x00000000   Number         0  stubs.o ABSOLUTE
    _printf_truncate_unsigned                0x00000000   Number         0  stubs.o ABSOLUTE
    _printf_u                                0x00000000   Number         0  stubs.o ABSOLUTE
    _printf_wc                               0x00000000   Number         0  stubs.o ABSOLUTE
    _printf_wctomb                           0x00000000   Number         0  stubs.o ABSOLUTE
    _printf_widthprec                        0x00000000   Number         0  stubs.o ABSOLUTE
    _printf_x                                0x00000000   Number         0  stubs.o ABSOLUTE
    __cpp_initialize__aeabi_                  - Undefined Weak Reference
    __cxa_finalize                            - Undefined Weak Reference
    __decompress                              - Undefined Weak Reference
    _clock_init                               - Undefined Weak Reference
    _microlib_exit                            - Undefined Weak Reference
    __main                                   0x000000cd   Thumb Code     0  entry.o(.ARM.Collect$$$$00000000)
    _main_stk                                0x000000cd   Thumb Code     0  entry2.o(.ARM.Collect$$$$00000001)
    _main_scatterload                        0x000000d1   Thumb Code     0  entry5.o(.ARM.Collect$$$$00000004)
    __main_after_scatterload                 0x000000d5   Thumb Code     0  entry5.o(.ARM.Collect$$$$00000004)
    _main_clock                              0x000000d5   Thumb Code     0  entry7b.o(.ARM.Collect$$$$00000008)
    _main_cpp_init                           0x000000d5   Thumb Code     0  entry8b.o(.ARM.Collect$$$$0000000A)
    _main_init                               0x000000d5   Thumb Code     0  entry9a.o(.ARM.Collect$$$$0000000B)
    __rt_final_cpp                           0x000000dd   Thumb Code     0  entry10a.o(.ARM.Collect$$$$0000000D)
    __rt_final_exit                          0x000000dd   Thumb Code     0  entry11a.o(.ARM.Collect$$$$0000000F)
    Reset_Handler                            0x000000e1   Thumb Code     8  startup_lpc17xx.o(.text)
    NMI_Handler                              0x000000e9   Thumb Code     2  startup_lpc17xx.o(.text)
    HardFault_Handler                        0x000000eb   Thumb Code     2  startup_lpc17xx.o(.text)
    MemManage_Handler                        0x000000ed   Thumb Code     2  startup_lpc17xx.o(.text)
    BusFault_Handler                         0x000000ef   Thumb Code     2  startup_lpc17xx.o(.text)
    UsageFault_Handler                       0x000000f1   Thumb Code     2  startup_lpc17xx.o(.text)
    SVC_Handler                              0x000000f3   Thumb Code     2  startup_lpc17xx.o(.text)
    DebugMon_Handler                         0x000000f5   Thumb Code     2  startup_lpc17xx.o(.text)
    PendSV_Handler                           0x000000f7   Thumb Code     2  startup_lpc17xx.o(.text)
    ADC_IRQHandler                           0x000000fb   Thumb Code     0  startup_lpc17xx.o(.text)
    BOD_IRQHandler                           0x000000fb   Thumb Code     0  startup_lpc17xx.o(.text)
    CANActivity_IRQHandler                   0x000000fb   Thumb Code     0  startup_lpc17xx.o(.text)
    CAN_IRQHandler                           0x000000fb   Thumb Code     0  startup_lpc17xx.o(.text)
    DMA_IRQHandler                           0x000000fb   Thumb Code     0  startup_lpc17xx.o(.text)
    EINT0_IRQHandler                         0x000000fb   Thumb Code     0  startup_lpc17xx.o(.text)
    EINT1_IRQHandler                         0x000000fb   Thumb Code     0  startup_lpc17xx.o(.text)
    EINT2_IRQHandler                         0x000000fb   Thumb Code     0  startup_lpc17xx.o(.text)
    EINT3_IRQHandler                         0x000000fb   Thumb Code     0  startup_lpc17xx.o(.text)
    ENET_IRQHandler                          0x000000fb   Thumb Code     0  startup_lpc17xx.o(.text)
    I2C0_IRQHandler                          0x000000fb   Thumb Code     0  startup_lpc17xx.o(.text)
    I2C1_IRQHandler                          0x000000fb   Thumb Code     0  startup_lpc17xx.o(.text)
    I2C2_IRQHandler                          0x000000fb   Thumb Code     0  startup_lpc17xx.o(.text)
    I2S_IRQHandler                           0x000000fb   Thumb Code     0  startup_lpc17xx.o(.text)
    MCPWM_IRQHandler                         0x000000fb   Thumb Code     0  startup_lpc17xx.o(.text)
    PLL0_IRQHandler                          0x000000fb   Thumb Code     0  startup_lpc17xx.o(.text)
    PLL1_IRQHandler                          0x000000fb   Thumb Code     0  startup_lpc17xx.o(.text)
    PWM1_IRQHandler                          0x000000fb   Thumb Code     0  startup_lpc17xx.o(.text)
    QEI_IRQHandler                           0x000000fb   Thumb Code     0  startup_lpc17xx.o(.text)
    RIT_IRQHandler                           0x000000fb   Thumb Code     0  startup_lpc17xx.o(.text)
    RTC_IRQHandler                           0x000000fb   Thumb Code     0  startup_lpc17xx.o(.text)
    SPI_IRQHandler                           0x000000fb   Thumb Code     0  startup_lpc17xx.o(.text)
    SSP0_IRQHandler                          0x000000fb   Thumb Code     0  startup_lpc17xx.o(.text)
    SSP1_IRQHandler                          0x000000fb   Thumb Code     0  startup_lpc17xx.o(.text)
    TIMER1_IRQHandler                        0x000000fb   Thumb Code     0  startup_lpc17xx.o(.text)
    TIMER2_IRQHandler                        0x000000fb   Thumb Code     0  startup_lpc17xx.o(.text)
    TIMER3_IRQHandler                        0x000000fb   Thumb Code     0  startup_lpc17xx.o(.text)
    UART0_IRQHandler                         0x000000fb   Thumb Code     0  startup_lpc17xx.o(.text)
    UART1_IRQHandler                         0x000000fb   Thumb Code     0  startup_lpc17xx.o(.text)
    UART2_IRQHandler                         0x000000fb   Thumb Code     0  startup_lpc17xx.o(.text)
    UART3_IRQHandler                         0x000000fb   Thumb Code     0  startup_lpc17xx.o(.text)
    USBActivity_IRQHandler                   0x000000fb   Thumb Code     0  startup_lpc17xx.o(.text)
    WDT_IRQHandler                           0x000000fb   Thumb Code     0  startup_lpc17xx.o(.text)
    LED_Init                                 0x00000105   Thumb Code    30  led.o(.text)
    LED_On                                   0x00000123   Thumb Code    28  led.o(.text)
    LED_Off                                  0x0000013f   Thumb Code    28  led.o(.text)
    LED_Out                                  0x0000015b   Thumb Code    72  led.o(.text)
    SysTick_Handler                          0x000001b1   Thumb Code    16  irq.o(.text)
    syst                                     0x000001c1   Thumb Code    10  irq.o(.text)
    KBD_Init                                 0x000001d1   Thumb Code    36  kbd.o(.text)
    KBD_get                                  0x000001f5   Thumb Code    12  kbd.o(.text)
    get_button                               0x00000201   Thumb Code    16  kbd.o(.text)
    ADC_IF_GetRequest                        0x0000021d   Thumb Code   102  adcuser.o(.text)
    ADC_IF_SetRequest                        0x00000283   Thumb Code    64  adcuser.o(.text)
    ADC_EP_GetRequest                        0x000002c3   Thumb Code     4  adcuser.o(.text)
    ADC_EP_SetRequest                        0x000002c7   Thumb Code     4  adcuser.o(.text)
    __aeabi_llsl                             0x000002dd   Thumb Code    30  llshl.o(.text)
    _ll_shift_l                              0x000002dd   Thumb Code     0  llshl.o(.text)
    __scatterload_null                       0x000002fb   Thumb Code     2  handlers.o(i.__scatterload_null)
    SystemCoreClockUpdate                    0x00000301   Thumb Code   254  system_lpc17xx.o(.text)
    SystemInit                               0x000003ff   Thumb Code   214  system_lpc17xx.o(.text)
    SystemClockUpdate                        0x000004d5   Thumb Code   248  system_lpc17xx.o(.text)
    GLCD_Init                                0x000006d3   Thumb Code  2250  glcd_spi_lpc1700.o(.text)
    GLCD_SetWindow                           0x00000f9d   Thumb Code   242  glcd_spi_lpc1700.o(.text)
    GLCD_WindowMax                           0x0000108f   Thumb Code    12  glcd_spi_lpc1700.o(.text)
    GLCD_PutPixel                            0x0000109b   Thumb Code   176  glcd_spi_lpc1700.o(.text)
    GLCD_SetTextColor                        0x0000114b   Thumb Code     6  glcd_spi_lpc1700.o(.text)
    GLCD_SetBackColor                        0x00001151   Thumb Code     6  glcd_spi_lpc1700.o(.text)
    GLCD_Clear                               0x00001157   Thumb Code    94  glcd_spi_lpc1700.o(.text)
    GLCD_DrawChar                            0x000011b5   Thumb Code   262  glcd_spi_lpc1700.o(.text)
    GLCD_DisplayChar                         0x000012bb   Thumb Code    78  glcd_spi_lpc1700.o(.text)
    GLCD_DisplayString                       0x00001309   Thumb Code   110  glcd_spi_lpc1700.o(.text)
    GLCD_ClearLn                             0x00001377   Thumb Code   200  glcd_spi_lpc1700.o(.text)
    GLCD_Bargraph                            0x0000143f   Thumb Code   164  glcd_spi_lpc1700.o(.text)
    GLCD_Bitmap                              0x000014e3   Thumb Code   122  glcd_spi_lpc1700.o(.text)
    GLCD_ScrollVertical                      0x0000155d   Thumb Code     2  glcd_spi_lpc1700.o(.text)
    GLCD_WrCmd                               0x0000155f   Thumb Code     4  glcd_spi_lpc1700.o(.text)
    GLCD_WrReg                               0x00001563   Thumb Code    18  glcd_spi_lpc1700.o(.text)
    fputc                                    0x00001585   Thumb Code    26  blinky.o(.text)
    delay                                    0x0000159f   Thumb Code     8  blinky.o(.text)
    pictures                                 0x000015a7   Thumb Code   242  blinky.o(.text)
    menu                                     0x00001699   Thumb Code  1036  blinky.o(.text)
    gamemenu                                 0x00001aa5   Thumb Code   146  blinky.o(.text)
    main                                     0x00001b37   Thumb Code   132  blinky.o(.text)
    delay2                                   0x00001cc5   Thumb Code     8  game.o(.text)
    d2                                       0x00001ccd   Thumb Code     8  game.o(.text)
    over                                     0x00001cd5   Thumb Code    78  game.o(.text)
    check                                    0x00001d23   Thumb Code   208  game.o(.text)
    changescr                                0x00001df3   Thumb Code    44  game.o(.text)
    setImage                                 0x00001e1f   Thumb Code    78  game.o(.text)
    game                                     0x00001e6d   Thumb Code   330  game.o(.text)
    USB_ResetCore                            0x00002031   Thumb Code    22  usbcore.o(.text)
    USB_SetupStage                           0x00002047   Thumb Code     8  usbcore.o(.text)
    USB_DataInStage                          0x0000204f   Thumb Code    34  usbcore.o(.text)
    USB_DataOutStage                         0x00002071   Thumb Code    26  usbcore.o(.text)
    USB_StatusInStage                        0x0000208b   Thumb Code    10  usbcore.o(.text)
    USB_StatusOutStage                       0x00002095   Thumb Code     8  usbcore.o(.text)
    USB_EndPoint0                            0x0000209d   Thumb Code  1722  usbcore.o(.text)
    get_potval                               0x00002769   Thumb Code    46  usbdmain.o(.text)
    TIMER0_IRQHandler                        0x00002797   Thumb Code   244  usbdmain.o(.text)
    music                                    0x0000288b   Thumb Code   134  usbdmain.o(.text)
    EPAdr                                    0x00002939   Thumb Code    16  usbhw.o(.text)
    WrCmd                                    0x00002949   Thumb Code    24  usbhw.o(.text)
    WrCmdDat                                 0x00002961   Thumb Code    44  usbhw.o(.text)
    WrCmdEP                                  0x0000298d   Thumb Code    68  usbhw.o(.text)
    RdCmdDat                                 0x000029d1   Thumb Code    28  usbhw.o(.text)
    USB_SetAddress                           0x000029ed   Thumb Code    28  usbhw.o(.text)
    USB_Reset                                0x00002a09   Thumb Code   130  usbhw.o(.text)
    USB_Init                                 0x00002a8b   Thumb Code   122  usbhw.o(.text)
    USB_Connect                              0x00002b05   Thumb Code    18  usbhw.o(.text)
    USB_Suspend                              0x00002b17   Thumb Code     2  usbhw.o(.text)
    USB_Resume                               0x00002b19   Thumb Code     2  usbhw.o(.text)
    USB_WakeUp                               0x00002b1b   Thumb Code    18  usbhw.o(.text)
    USB_WakeUpCfg                            0x00002b2d   Thumb Code     2  usbhw.o(.text)
    USB_Configure                            0x00002b2f   Thumb Code    46  usbhw.o(.text)
    USB_ConfigEP                             0x00002b5d   Thumb Code    68  usbhw.o(.text)
    USB_DirCtrlEP                            0x00002ba1   Thumb Code     2  usbhw.o(.text)
    USB_EnableEP                             0x00002ba3   Thumb Code    24  usbhw.o(.text)
    USB_DisableEP                            0x00002bbb   Thumb Code    22  usbhw.o(.text)
    USB_ResetEP                              0x00002bd1   Thumb Code    24  usbhw.o(.text)
    USB_SetStallEP                           0x00002be9   Thumb Code    22  usbhw.o(.text)
    USB_ClrStallEP                           0x00002bff   Thumb Code    24  usbhw.o(.text)
    USB_ClearEPBuf                           0x00002c17   Thumb Code    70  usbhw.o(.text)
    USB_ReadEP                               0x00002c5d   Thumb Code   176  usbhw.o(.text)
    USB_WriteEP                              0x00002d0d   Thumb Code   228  usbhw.o(.text)
    USB_DMA_Setup                            0x00002df1   Thumb Code   280  usbhw.o(.text)
    USB_DMA_Enable                           0x00002f09   Thumb Code    22  usbhw.o(.text)
    USB_DMA_Disable                          0x00002f1f   Thumb Code    22  usbhw.o(.text)
    USB_DMA_Status                           0x00002f35   Thumb Code    78  usbhw.o(.text)
    USB_DMA_BufAdr                           0x00002f83   Thumb Code    30  usbhw.o(.text)
    USB_DMA_BufCnt                           0x00002fa1   Thumb Code    32  usbhw.o(.text)
    USB_GetFrame                             0x00002fc1   Thumb Code    84  usbhw.o(.text)
    USB_IRQHandler                           0x00003015   Thumb Code   512  usbhw.o(.text)
    USB_Reset_Event                          0x00003215   Thumb Code     4  usbuser.o(.text)
    USB_SOF_Event                            0x00003219   Thumb Code     2  usbuser.o(.text)
    USB_EndPoint1                            0x0000321b   Thumb Code     2  usbuser.o(.text)
    USB_EndPoint2                            0x0000321d   Thumb Code     2  usbuser.o(.text)
    USB_EndPoint3                            0x0000321f   Thumb Code   122  usbuser.o(.text)
    USB_EndPoint4                            0x00003299   Thumb Code     2  usbuser.o(.text)
    USB_EndPoint5                            0x0000329b   Thumb Code     2  usbuser.o(.text)
    USB_EndPoint6                            0x0000329d   Thumb Code     2  usbuser.o(.text)
    USB_EndPoint7                            0x0000329f   Thumb Code     2  usbuser.o(.text)
    USB_EndPoint8                            0x000032a1   Thumb Code     2  usbuser.o(.text)
    USB_EndPoint9                            0x000032a3   Thumb Code     2  usbuser.o(.text)
    USB_EndPoint10                           0x000032a5   Thumb Code     2  usbuser.o(.text)
    USB_EndPoint11                           0x000032a7   Thumb Code     2  usbuser.o(.text)
    USB_EndPoint12                           0x000032a9   Thumb Code     2  usbuser.o(.text)
    USB_EndPoint13                           0x000032ab   Thumb Code     2  usbuser.o(.text)
    USB_EndPoint14                           0x000032ad   Thumb Code     2  usbuser.o(.text)
    USB_EndPoint15                           0x000032af   Thumb Code     2  usbuser.o(.text)
    __aeabi_uldivmod                         0x000032c5   Thumb Code    98  uldiv.o(.text)
    rand                                     0x00003329   Thumb Code    20  rand.o(.text)
    srand                                    0x0000333d   Thumb Code     6  rand.o(.text)
    __aeabi_memset                           0x0000334d   Thumb Code    14  memseta.o(.text)
    __aeabi_memset4                          0x0000334d   Thumb Code     0  memseta.o(.text)
    __aeabi_memset8                          0x0000334d   Thumb Code     0  memseta.o(.text)
    __aeabi_memclr                           0x0000335b   Thumb Code     4  memseta.o(.text)
    __aeabi_memclr4                          0x0000335b   Thumb Code     0  memseta.o(.text)
    __aeabi_memclr8                          0x0000335b   Thumb Code     0  memseta.o(.text)
    _memset$wrapper                          0x0000335f   Thumb Code    18  memseta.o(.text)
    __aeabi_uidiv                            0x00003371   Thumb Code     0  uidiv.o(.text)
    __aeabi_uidivmod                         0x00003371   Thumb Code    44  uidiv.o(.text)
    __aeabi_llsr                             0x0000339d   Thumb Code    32  llushr.o(.text)
    _ll_ushift_r                             0x0000339d   Thumb Code     0  llushr.o(.text)
    __scatterload                            0x000033bd   Thumb Code    28  init.o(.text)
    __scatterload_rt2                        0x000033bd   Thumb Code     0  init.o(.text)
    __0sprintf$1                             0x000033e1   Thumb Code    34  printf1.o(i.__0sprintf$1)
    __1sprintf$1                             0x000033e1   Thumb Code     0  printf1.o(i.__0sprintf$1)
    __2sprintf                               0x000033e1   Thumb Code     0  printf1.o(i.__0sprintf$1)
    __scatterload_copy                       0x00003409   Thumb Code    14  handlers.o(i.__scatterload_copy)
    __scatterload_zeroinit                   0x00003417   Thumb Code    14  handlers.o(i.__scatterload_zeroinit)
    Font_6x8_h                               0x00003582   Data         896  glcd_spi_lpc1700.o(.constdata)
    Font_16x24_h                             0x00003902   Data        5376  glcd_spi_lpc1700.o(.constdata)
    led_mask                                 0x00004e04   Data          32  led.o(.constdata)
    USB_DeviceDescriptor                     0x00004e24   Data          18  usbdesc.o(.constdata)
    USB_ConfigDescriptor                     0x00004e36   Data         110  usbdesc.o(.constdata)
    USB_StringDescriptor                     0x00004ea4   Data         100  usbdesc.o(.constdata)
    DDAdr                                    0x00004f08   Data           8  usbhw.o(.constdata)
    DDSz                                     0x00004f10   Data           8  usbhw.o(.constdata)
    USB_P_EP                                 0x00004f18   Data          64  usbuser.o(.constdata)
    goku                                     0x00004f58   Data       131073  goku.o(.constdata)
    sasuke                                   0x00024f59   Data       131073  sasuke.o(.constdata)
    kakashi                                  0x00044f5a   Data       131073  kakashi.o(.constdata)
    Region$$Table$$Base                      0x00064f5c   Number         0  anon$$obj.o(Region$$Table)
    Region$$Table$$Limit                     0x00064f7c   Number         0  anon$$obj.o(Region$$Table)
    SystemCoreClock                          0x10000000   Data           4  system_lpc17xx.o(.data)
    SystemFrequency                          0x10000004   Data           4  system_lpc17xx.o(.data)
    c                                        0x10000010   Data           4  irq.o(.data)
    ticks                                    0x10000014   Data           4  irq.o(.data)
    score                                    0x10000018   Data           4  game.o(.data)
    iqnum                                    0x1000001c   Data           4  game.o(.data)
    rounds                                   0x10000020   Data           4  game.o(.data)
    target                                   0x10000024   Data           4  game.o(.data)
    buttons                                  0x10000028   Data           4  game.o(.data)
    iq                                       0x1000002c   Data           4  game.o(.data)
    VolCur                                   0x10000030   Data           2  adcuser.o(.data)
    USB_DeviceAddress                        0x10000034   Data           1  usbcore.o(.data)
    USB_Configuration                        0x10000035   Data           1  usbcore.o(.data)
    USB_NumInterfaces                        0x10000036   Data           1  usbcore.o(.data)
    USB_DeviceStatus                         0x10000038   Data           2  usbcore.o(.data)
    USB_EndPointMask                         0x1000003c   Data           4  usbcore.o(.data)
    USB_EndPointHalt                         0x10000040   Data           4  usbcore.o(.data)
    USB_EndPointStall                        0x10000044   Data           4  usbcore.o(.data)
    USB_AltSetting                           0x10000048   Data           4  usbcore.o(.data)
    EP0Data                                  0x1000004c   Data           8  usbcore.o(.data)
    SetupPacket                              0x10000054   Data           8  usbcore.o(.data)
    InfoBuf                                  0x1000005c   Data           4  usbdmain.o(.data)
    Mute                                     0x10000060   Data           1  usbdmain.o(.data)
    DataRun                                  0x10000061   Data           1  usbdmain.o(.data)
    DataOut                                  0x10000062   Data           2  usbdmain.o(.data)
    DataIn                                   0x10000064   Data           2  usbdmain.o(.data)
    PotVal                                   0x10000066   Data           2  usbdmain.o(.data)
    DataBuf                                  0x10000068   Data           4  usbdmain.o(.data)
    Volume                                   0x1000006c   Data           4  usbdmain.o(.data)
    VUM                                      0x10000070   Data           4  usbdmain.o(.data)
    Tick                                     0x10000074   Data           4  usbdmain.o(.data)
    DDMemMap                                 0x10000078   Data           8  usbhw.o(.data)
    text2                                    0x10000084   Data          20  game.o(.bss)
    text3                                    0x10000098   Data          20  game.o(.bss)
    text4                                    0x100000ac   Data          14  game.o(.bss)
    EP0Buf                                   0x100000ba   Data          64  usbcore.o(.bss)
    udca                                     0x100000fc   Data         128  usbhw.o(.bss)
    UDCA                                     0x10000380   Data         128  usbhw.o(USB_RAM)
    __initial_sp                             0x10000380   Data           0  startup_lpc17xx.o(STACK)



==============================================================================

Memory Map of the image

  Image Entry point : 0x000000cd

  Load Region LR_IROM1 (Base: 0x00000000, Size: 0x00065000, Max: 0x00080000, ABSOLUTE)

    Execution Region ER_IROM1 (Base: 0x00000000, Size: 0x00064f7c, Max: 0x00080000, ABSOLUTE)

    Base Addr    Size         Type   Attr      Idx    E Section Name        Object

    0x00000000   0x000000cc   Data   RO            3    RESET               startup_lpc17xx.o
    0x000000cc   0x00000000   Code   RO          532  * .ARM.Collect$$$$00000000  mc_w.l(entry.o)
    0x000000cc   0x00000004   Code   RO          803    .ARM.Collect$$$$00000001  mc_w.l(entry2.o)
    0x000000d0   0x00000004   Code   RO          806    .ARM.Collect$$$$00000004  mc_w.l(entry5.o)
    0x000000d4   0x00000000   Code   RO          808    .ARM.Collect$$$$00000008  mc_w.l(entry7b.o)
    0x000000d4   0x00000000   Code   RO          810    .ARM.Collect$$$$0000000A  mc_w.l(entry8b.o)
    0x000000d4   0x00000008   Code   RO          811    .ARM.Collect$$$$0000000B  mc_w.l(entry9a.o)
    0x000000dc   0x00000000   Code   RO          813    .ARM.Collect$$$$0000000D  mc_w.l(entry10a.o)
    0x000000dc   0x00000000   Code   RO          815    .ARM.Collect$$$$0000000F  mc_w.l(entry11a.o)
    0x000000dc   0x00000004   Code   RO          804    .ARM.Collect$$$$00002712  mc_w.l(entry2.o)
    0x000000e0   0x00000024   Code   RO            5    .text               startup_lpc17xx.o
    0x00000104   0x000000ac   Code   RO           92    .text               led.o
    0x000001b0   0x00000020   Code   RO          121    .text               irq.o
    0x000001d0   0x0000004c   Code   RO          206    .text               kbd.o
    0x0000021c   0x000000c0   Code   RO          280    .text               adcuser.o
    0x000002dc   0x0000001e   Code   RO          819    .text               mc_w.l(llshl.o)
    0x000002fa   0x00000002   Code   RO          843    i.__scatterload_null  mc_w.l(handlers.o)
    0x000002fc   0x00000004   Code   RO            4    .ARM.__at_0x02FC    startup_lpc17xx.o
    0x00000300   0x000002ec   Code   RO           13    .text               system_lpc17xx.o
    0x000005ec   0x00000f98   Code   RO           43    .text               glcd_spi_lpc1700.o
    0x00001584   0x00000740   Code   RO          143    .text               blinky.o
    0x00001cc4   0x0000036c   Code   RO          233    .text               game.o
    0x00002030   0x00000738   Code   RO          311    .text               usbcore.o
    0x00002768   0x000001d0   Code   RO          377    .text               usbdmain.o
    0x00002938   0x000008dc   Code   RO          401    .text               usbhw.o
    0x00003214   0x000000b0   Code   RO          428    .text               usbuser.o
    0x000032c4   0x00000062   Code   RO          535    .text               mc_w.l(uldiv.o)
    0x00003326   0x00000002   PAD
    0x00003328   0x00000024   Code   RO          537    .text               mc_w.l(rand.o)
    0x0000334c   0x00000024   Code   RO          540    .text               mc_w.l(memseta.o)
    0x00003370   0x0000002c   Code   RO          817    .text               mc_w.l(uidiv.o)
    0x0000339c   0x00000020   Code   RO          821    .text               mc_w.l(llushr.o)
    0x000033bc   0x00000024   Code   RO          834    .text               mc_w.l(init.o)
    0x000033e0   0x00000028   Code   RO          589    i.__0sprintf$1      mc_w.l(printf1.o)
    0x00003408   0x0000000e   Code   RO          842    i.__scatterload_copy  mc_w.l(handlers.o)
    0x00003416   0x0000000e   Code   RO          844    i.__scatterload_zeroinit  mc_w.l(handlers.o)
    0x00003424   0x00000154   Code   RO          594    i._printf_core      mc_w.l(printf1.o)
    0x00003578   0x0000000a   Code   RO          596    i._sputc            mc_w.l(printf1.o)
    0x00003582   0x00001880   Data   RO           44    .constdata          glcd_spi_lpc1700.o
    0x00004e02   0x00000002   PAD
    0x00004e04   0x00000020   Data   RO           93    .constdata          led.o
    0x00004e24   0x00000012   Data   RO          363    .constdata          usbdesc.o
    0x00004e36   0x0000006e   Data   RO          364    .constdata          usbdesc.o
    0x00004ea4   0x00000064   Data   RO          365    .constdata          usbdesc.o
    0x00004f08   0x00000010   Data   RO          403    .constdata          usbhw.o
    0x00004f18   0x00000040   Data   RO          429    .constdata          usbuser.o
    0x00004f58   0x00020001   Data   RO          488    .constdata          goku.o
    0x00024f59   0x00020001   Data   RO          504    .constdata          sasuke.o
    0x00044f5a   0x00020001   Data   RO          513    .constdata          kakashi.o
    0x00064f5b   0x00000001   PAD
    0x00064f5c   0x00000020   Data   RO          840    Region$$Table       anon$$obj.o


    Execution Region RW_IRAM1 (Base: 0x10000000, Size: 0x00000400, Max: 0x00008000, ABSOLUTE)

    Base Addr    Size         Type   Attr      Idx    E Section Name        Object

    0x10000000   0x00000008   Data   RW           14    .data               system_lpc17xx.o
    0x10000008   0x00000006   Data   RW           45    .data               glcd_spi_lpc1700.o
    0x1000000e   0x00000002   PAD
    0x10000010   0x00000008   Data   RW          122    .data               irq.o
    0x10000018   0x00000018   Data   RW          238    .data               game.o
    0x10000030   0x00000002   Data   RW          284    .data               adcuser.o
    0x10000032   0x00000002   PAD
    0x10000034   0x00000028   Data   RW          313    .data               usbcore.o
    0x1000005c   0x00000004   Data   RW          378    .data               usbdmain.o
    0x10000060   0x00000018   Data   RW          379    .data               usbdmain.o
    0x10000078   0x00000008   Data   RW          404    .data               usbhw.o
    0x10000080   0x00000004   Data   RW          538    .data               mc_w.l(rand.o)
    0x10000084   0x00000036   Zero   RW          235    .bss                game.o
    0x100000ba   0x00000040   Zero   RW          312    .bss                usbcore.o
    0x100000fa   0x00000002   PAD
    0x100000fc   0x00000080   Zero   RW          402    .bss                usbhw.o
    0x1000017c   0x00000004   PAD
    0x10000180   0x00000200   Zero   RW            1    STACK               startup_lpc17xx.o
    0x10000380   0x00000080   Zero   RW          405    USB_RAM             usbhw.o


==============================================================================

Image component sizes


      Code (inc. data)   RO Data    RW Data    ZI Data      Debug   Object Name

       192         18          0          2          0       1620   adcuser.o
      1856        550          0          0          0      26762   blinky.o
       876        122          0         24         54      26817   game.o
      3992         68       6272          6          0       9834   glcd_spi_lpc1700.o
         0          0     131073          0          0        435   goku.o
        32          6          0          8          0        866   irq.o
         0          0     131073          0          0        450   kakashi.o
        76         12          0          0          0        864   kbd.o
       172         14         32          0          0       1375   led.o
         0          0     131073          0          0        445   sasuke.o
        40         12        204          0        512        864   startup_lpc17xx.o
       748         32          0          8          0      20639   system_lpc17xx.o
      1848         76          0         40         64       7025   usbcore.o
         0          0        228          0          0        549   usbdesc.o
       464         40          0         28          0       6820   usbdmain.o
      2268        134         16          8        256      13445   usbhw.o
       176         20         64          0          0       2799   usbuser.o

    ----------------------------------------------------------------------
     12740       1104     400070        128        892     121609   Object Totals
         0          0         32          0          0          0   (incl. Generated)
         0          0          3          4          6          0   (incl. Padding)

    ----------------------------------------------------------------------

      Code (inc. data)   RO Data    RW Data    ZI Data      Debug   Library Member Name

         0          0          0          0          0          0   entry.o
         0          0          0          0          0          0   entry10a.o
         0          0          0          0          0          0   entry11a.o
         8          4          0          0          0          0   entry2.o
         4          0          0          0          0          0   entry5.o
         0          0          0          0          0          0   entry7b.o
         0          0          0          0          0          0   entry8b.o
         8          4          0          0          0          0   entry9a.o
        30          0          0          0          0          0   handlers.o
        36          8          0          0          0         68   init.o
        30          0          0          0          0         68   llshl.o
        32          0          0          0          0         68   llushr.o
        36          0          0          0          0        108   memseta.o
       390         12          0          0          0        248   printf1.o
        36         10          0          4          0        136   rand.o
        44          0          0          0          0         80   uidiv.o
        98          0          0          0          0         92   uldiv.o

    ----------------------------------------------------------------------
       754         38          0          4          0        868   Library Totals
         2          0          0          0          0          0   (incl. Padding)

    ----------------------------------------------------------------------

      Code (inc. data)   RO Data    RW Data    ZI Data      Debug   Library Name

       752         38          0          4          0        868   mc_w.l

    ----------------------------------------------------------------------
       754         38          0          4          0        868   Library Totals

    ----------------------------------------------------------------------

==============================================================================


      Code (inc. data)   RO Data    RW Data    ZI Data      Debug   

     13494       1142     400070        132        892     120605   Grand Totals
     13494       1142     400070        132        892     120605   ELF Image Totals
     13494       1142     400070        132          0          0   ROM Totals

==============================================================================

    Total RO  Size (Code + RO Data)               413564 ( 403.87kB)
    Total RW  Size (RW Data + ZI Data)              1024 (   1.00kB)
    Total ROM Size (Code + RO Data + RW Data)     413696 ( 404.00kB)

==============================================================================

